
  [32m[1mVITE[22m v5.4.21[39m  [2mready in [0m[1m4628[22m[2m[0m ms[22m

  [32m➜[39m  [1mLocal[22m:   [36mhttp://localhost:[1m8080[22m/kyc-agentic2/[39m
  [32m➜[39m  [1mNetwork[22m: [36mhttp://10.31.29.42:[1m8080[22m/kyc-agentic2/[39m
  [32m➜[39m  [1mNetwork[22m: [36mhttp://192.168.4.53:[1m8080[22m/kyc-agentic2/[39m
[2m[32m  ➜[39m[22m[2m  press [22m[1mh + enter[22m[2m to show help[22m
[2m9:35:35 PM[22m [36m[1m[vite][22m[39m [32mpage reload [39m[2mdesign-mockup.html[22m
[2m7:08:21 AM[22m [36m[1m[vite][22m[39m [32m.env changed, restarting server...[39m
[2m7:08:22 AM[22m [36m[1m[vite][22m[39m server restarted.

  [32m➜[39m  [1mLocal[22m:   [36mhttp://localhost:[1m8080[22m/kyc-agentic2/[39m
  [32m➜[39m  [1mNetwork[22m: [36mhttp://10.31.30.31:[1m8080[22m/kyc-agentic2/[39m
  [32m➜[39m  [1mNetwork[22m: [36mhttp://192.168.4.21:[1m8080[22m/kyc-agentic2/[39m
[2m7:08:22 AM[22m [36m[1m[vite][22m[39m [32m.env changed, restarting server...[39m
[2m7:08:23 AM[22m [36m[1m[vite][22m[39m server restarted.
[2m7:22:21 AM[22m [36m[1m[vite][22m[39m [32m.env changed, restarting server...[39m
[2m7:22:21 AM[22m [36m[1m[vite][22m[39m server restarted.
[2m7:22:21 AM[22m [36m[1m[vite][22m[39m [32m.env changed, restarting server...[39m
[2m7:22:22 AM[22m [36m[1m[vite][22m[39m server restarted.
[2m7:32:25 AM[22m [36m[1m[vite][22m[39m [32mhmr update [39m[2m/src/index.css, /src/pages/ExceptionReview.tsx[22m
[2m7:32:27 AM[22m [36m[1m[vite][22m[39m [32mhmr update [39m[2m/src/index.css, /src/pages/ExceptionReview.tsx[22m
[2m7:51:47 AM[22m [36m[1m[vite][22m[39m [32m.env changed, restarting server...[39m
[2m7:51:47 AM[22m [36m[1m[vite][22m[39m server restarted.
[2m7:54:39 AM[22m [36m[1m[vite][22m[39m [32m.env changed, restarting server...[39m
[2m7:54:40 AM[22m [36m[1m[vite][22m[39m [32m.env changed, restarting server...[39m
[2m7:54:40 AM[22m [36m[1m[vite][22m[39m server restarted.
